// Jest Snapshot v1, https://goo.gl/fbAQLP

exports[`Basic ImageBoard test Images render correctly 1`] = `
<section
  className="sc-jRQBWg jIzGGa"
>
  <article
    className="sc-gsDKAQ dRRDgd"
  >
    <div
      className="sc-bdvvtL gHIAtL"
    >
      <div
        className="sc-dkPtRN ljzhnS"
      >
        <img
          alt="Hello"
          className="sc-eCImPb exxfQC"
          src="https://picsum.photos/id/237/200/300"
        />
      </div>
      <div
        className="sc-hKwDye ghZbUD"
      >
        <h3>
          Mariana
        </h3>
        <p>
          Hello
        </p>
      </div>
    </div>
  </article>
  <article
    className="sc-gsDKAQ dRRDgd"
  >
    <div
      className="sc-bdvvtL gHIAtL"
    >
      <div
        className="sc-dkPtRN ljzhnS"
      >
        <img
          alt="Hello"
          className="sc-eCImPb exxfQC"
          src="https://picsum.photos/id/237/200/300"
        />
      </div>
      <div
        className="sc-hKwDye ghZbUD"
      >
        <h3>
          Mariana
        </h3>
        <p>
          Hello
        </p>
      </div>
    </div>
  </article>
</section>
`;
